// Jest Snapshot v1, https://goo.gl/fbAQLP

exports[`SkipLink basic 1`] = `
<div>
  <div>
    <a
      aria-hidden="true"
      class="StyledAnchor-bymPHU cogETH"
      id="main"
      style="width: 0px; height: 0px; overflow: hidden; position: absolute;"
      tabindex="-1"
    />
    Main Content
    <input
      type="text"
      value="main content"
    />
  </div>
  <footer>
    <a
      aria-hidden="true"
      class="StyledAnchor-bymPHU cogETH"
      id="footer"
      style="width: 0px; height: 0px; overflow: hidden; position: absolute;"
      tabindex="-1"
    />
    <input
      type="text"
      value="footer"
    />
  </footer>
</div>
`;

exports[`SkipLink basic 2`] = `
<div>
  <div>
    <a
      aria-hidden="true"
      class="StyledAnchor-bymPHU cogETH"
      id="main"
      style="width: 0px; height: 0px; overflow: hidden; position: absolute;"
      tabindex="-1"
    />
    Main Content
    <input
      type="text"
      value="main content"
    />
  </div>
  <footer>
    <a
      aria-hidden="true"
      class="StyledAnchor-bymPHU cogETH"
      id="footer"
      style="width: 0px; height: 0px; overflow: hidden; position: absolute;"
      tabindex="-1"
    />
    <input
      type="text"
      value="footer"
    />
  </footer>
</div>
`;

exports[`SkipLink basic 3`] = `
<div>
  <div>
    <a
      aria-hidden="true"
      class="StyledAnchor-bymPHU cogETH"
      id="main"
      style="width: 0px; height: 0px; overflow: hidden; position: absolute;"
      tabindex="-1"
    />
    Main Content
    <input
      type="text"
      value="main content"
    />
  </div>
  <footer>
    <a
      aria-hidden="true"
      class="StyledAnchor-bymPHU cogETH"
      id="footer"
      style="width: 0px; height: 0px; overflow: hidden; position: absolute;"
      tabindex="-1"
    />
    <input
      type="text"
      value="footer"
    />
  </footer>
</div>
`;
